Archive member included to satisfy reference by file (symbol)

D:/STM32/STM32CubeIDE/STM32CubeIDE_1.16.0/STM32CubeIDE/plugins/com.st.stm32cube.ide.mcu.externaltools.gnu-tools-for-stm32.12.3.rel1.win32_1.0.200.202406191623/tools/bin/../lib/gcc/arm-none-eabi/12.3.1/../../../../arm-none-eabi/lib/thumb/v7e-m+fp/hard\libc_nano.a(libc_a-exit.o)
                              D:/STM32/STM32CubeIDE/STM32CubeIDE_1.16.0/STM32CubeIDE/plugins/com.st.stm32cube.ide.mcu.externaltools.gnu-tools-for-stm32.12.3.rel1.win32_1.0.200.202406191623/tools/bin/../lib/gcc/arm-none-eabi/12.3.1/../../../../arm-none-eabi/lib/thumb/v7e-m+fp/hard/crt0.o (exit)
D:/STM32/STM32CubeIDE/STM32CubeIDE_1.16.0/STM32CubeIDE/plugins/com.st.stm32cube.ide.mcu.externaltools.gnu-tools-for-stm32.12.3.rel1.win32_1.0.200.202406191623/tools/bin/../lib/gcc/arm-none-eabi/12.3.1/../../../../arm-none-eabi/lib/thumb/v7e-m+fp/hard\libc_nano.a(libc_a-findfp.o)
                              D:/STM32/STM32CubeIDE/STM32CubeIDE_1.16.0/STM32CubeIDE/plugins/com.st.stm32cube.ide.mcu.externaltools.gnu-tools-for-stm32.12.3.rel1.win32_1.0.200.202406191623/tools/bin/../lib/gcc/arm-none-eabi/12.3.1/../../../../arm-none-eabi/lib/thumb/v7e-m+fp/hard\libc_nano.a(libc_a-exit.o) (__stdio_exit_handler)
D:/STM32/STM32CubeIDE/STM32CubeIDE_1.16.0/STM32CubeIDE/plugins/com.st.stm32cube.ide.mcu.externaltools.gnu-tools-for-stm32.12.3.rel1.win32_1.0.200.202406191623/tools/bin/../lib/gcc/arm-none-eabi/12.3.1/../../../../arm-none-eabi/lib/thumb/v7e-m+fp/hard\libc_nano.a(libc_a-fwalk.o)
                              D:/STM32/STM32CubeIDE/STM32CubeIDE_1.16.0/STM32CubeIDE/plugins/com.st.stm32cube.ide.mcu.externaltools.gnu-tools-for-stm32.12.3.rel1.win32_1.0.200.202406191623/tools/bin/../lib/gcc/arm-none-eabi/12.3.1/../../../../arm-none-eabi/lib/thumb/v7e-m+fp/hard\libc_nano.a(libc_a-findfp.o) (_fwalk_sglue)
D:/STM32/STM32CubeIDE/STM32CubeIDE_1.16.0/STM32CubeIDE/plugins/com.st.stm32cube.ide.mcu.externaltools.gnu-tools-for-stm32.12.3.rel1.win32_1.0.200.202406191623/tools/bin/../lib/gcc/arm-none-eabi/12.3.1/../../../../arm-none-eabi/lib/thumb/v7e-m+fp/hard\libc_nano.a(libc_a-stdio.o)
                              D:/STM32/STM32CubeIDE/STM32CubeIDE_1.16.0/STM32CubeIDE/plugins/com.st.stm32cube.ide.mcu.externaltools.gnu-tools-for-stm32.12.3.rel1.win32_1.0.200.202406191623/tools/bin/../lib/gcc/arm-none-eabi/12.3.1/../../../../arm-none-eabi/lib/thumb/v7e-m+fp/hard\libc_nano.a(libc_a-findfp.o) (__sread)
D:/STM32/STM32CubeIDE/STM32CubeIDE_1.16.0/STM32CubeIDE/plugins/com.st.stm32cube.ide.mcu.externaltools.gnu-tools-for-stm32.12.3.rel1.win32_1.0.200.202406191623/tools/bin/../lib/gcc/arm-none-eabi/12.3.1/../../../../arm-none-eabi/lib/thumb/v7e-m+fp/hard\libc_nano.a(libc_a-memset.o)
                              D:/STM32/STM32CubeIDE/STM32CubeIDE_1.16.0/STM32CubeIDE/plugins/com.st.stm32cube.ide.mcu.externaltools.gnu-tools-for-stm32.12.3.rel1.win32_1.0.200.202406191623/tools/bin/../lib/gcc/arm-none-eabi/12.3.1/../../../../arm-none-eabi/lib/thumb/v7e-m+fp/hard/crt0.o (memset)
D:/STM32/STM32CubeIDE/STM32CubeIDE_1.16.0/STM32CubeIDE/plugins/com.st.stm32cube.ide.mcu.externaltools.gnu-tools-for-stm32.12.3.rel1.win32_1.0.200.202406191623/tools/bin/../lib/gcc/arm-none-eabi/12.3.1/../../../../arm-none-eabi/lib/thumb/v7e-m+fp/hard\libc_nano.a(libc_a-closer.o)
                              D:/STM32/STM32CubeIDE/STM32CubeIDE_1.16.0/STM32CubeIDE/plugins/com.st.stm32cube.ide.mcu.externaltools.gnu-tools-for-stm32.12.3.rel1.win32_1.0.200.202406191623/tools/bin/../lib/gcc/arm-none-eabi/12.3.1/../../../../arm-none-eabi/lib/thumb/v7e-m+fp/hard\libc_nano.a(libc_a-stdio.o) (_close_r)
D:/STM32/STM32CubeIDE/STM32CubeIDE_1.16.0/STM32CubeIDE/plugins/com.st.stm32cube.ide.mcu.externaltools.gnu-tools-for-stm32.12.3.rel1.win32_1.0.200.202406191623/tools/bin/../lib/gcc/arm-none-eabi/12.3.1/../../../../arm-none-eabi/lib/thumb/v7e-m+fp/hard\libc_nano.a(libc_a-reent.o)
                              D:/STM32/STM32CubeIDE/STM32CubeIDE_1.16.0/STM32CubeIDE/plugins/com.st.stm32cube.ide.mcu.externaltools.gnu-tools-for-stm32.12.3.rel1.win32_1.0.200.202406191623/tools/bin/../lib/gcc/arm-none-eabi/12.3.1/../../../../arm-none-eabi/lib/thumb/v7e-m+fp/hard\libc_nano.a(libc_a-closer.o) (errno)
D:/STM32/STM32CubeIDE/STM32CubeIDE_1.16.0/STM32CubeIDE/plugins/com.st.stm32cube.ide.mcu.externaltools.gnu-tools-for-stm32.12.3.rel1.win32_1.0.200.202406191623/tools/bin/../lib/gcc/arm-none-eabi/12.3.1/../../../../arm-none-eabi/lib/thumb/v7e-m+fp/hard\libc_nano.a(libc_a-impure.o)
                              D:/STM32/STM32CubeIDE/STM32CubeIDE_1.16.0/STM32CubeIDE/plugins/com.st.stm32cube.ide.mcu.externaltools.gnu-tools-for-stm32.12.3.rel1.win32_1.0.200.202406191623/tools/bin/../lib/gcc/arm-none-eabi/12.3.1/../../../../arm-none-eabi/lib/thumb/v7e-m+fp/hard\libc_nano.a(libc_a-reent.o) (_impure_ptr)
[...]
Memory Configuration

Name             Origin             Length             Attributes
RAM              0x20000000         0x00020000         xrw
FLASH            0x08000000         0x00080000         xr
*default*        0x00000000         0xffffffff

Linker script and memory map

LOAD D:/STM32/STM32CubeIDE/STM32CubeIDE_1.16.0/STM32CubeIDE/plugins/com.st.stm32cube.ide.mcu.externaltools.gnu-tools-for-stm32.12.3.rel1.win32_1.0.200.202406191623/tools/bin/../lib/gcc/arm-none-eabi/12.3.1/thumb/v7e-m+fp/hard/crti.o
LOAD D:/STM32/STM32CubeIDE/STM32CubeIDE_1.16.0/STM32CubeIDE/plugins/com.st.stm32cube.ide.mcu.externaltools.gnu-tools-for-stm32.12.3.rel1.win32_1.0.200.202406191623/tools/bin/../lib/gcc/arm-none-eabi/12.3.1/thumb/v7e-m+fp/hard/crtbegin.o
LOAD D:/STM32/STM32CubeIDE/STM32CubeIDE_1.16.0/STM32CubeIDE/plugins/com.st.stm32cube.ide.mcu.externaltools.gnu-tools-for-stm32.12.3.rel1.win32_1.0.200.202406191623/tools/bin/../lib/gcc/arm-none-eabi/12.3.1/../../../../arm-none-eabi/lib/thumb/v7e-m+fp/hard/crt0.o
LOAD ./Core/Src/gpio.o
LOAD ./Core/Src/main.o
LOAD ./Core/Src/stm32g4xx_hal_msp.o
LOAD ./Core/Src/stm32g4xx_it.o
LOAD ./Core/Src/syscalls.o
LOAD ./Core/Src/sysmem.o
LOAD ./Core/Src/system_stm32g4xx.o
LOAD ./Core/Startup/startup_stm32g474retx.o
LOAD ./Drivers/BSP/STM32G4xx_Nucleo/stm32g4xx_nucleo.o
LOAD ./Drivers/STM32G4xx_HAL_Driver/Src/stm32g4xx_hal.o
LOAD ./Drivers/STM32G4xx_HAL_Driver/Src/stm32g4xx_hal_cortex.o
LOAD ./Drivers/STM32G4xx_HAL_Driver/Src/stm32g4xx_hal_dma.o
LOAD ./Drivers/STM32G4xx_HAL_Driver/Src/stm32g4xx_hal_dma_ex.o
LOAD ./Drivers/STM32G4xx_HAL_Driver/Src/stm32g4xx_hal_exti.o
LOAD ./Drivers/STM32G4xx_HAL_Driver/Src/stm32g4xx_hal_flash.o
LOAD ./Drivers/STM32G4xx_HAL_Driver/Src/stm32g4xx_hal_flash_ex.o
LOAD ./Drivers/STM32G4xx_HAL_Driver/Src/stm32g4xx_hal_flash_ramfunc.o
LOAD ./Drivers/STM32G4xx_HAL_Driver/Src/stm32g4xx_hal_gpio.o
LOAD ./Drivers/STM32G4xx_HAL_Driver/Src/stm32g4xx_hal_pwr.o
LOAD ./Drivers/STM32G4xx_HAL_Driver/Src/stm32g4xx_hal_pwr_ex.o
LOAD ./Drivers/STM32G4xx_HAL_Driver/Src/stm32g4xx_hal_rcc.o
LOAD ./Drivers/STM32G4xx_HAL_Driver/Src/stm32g4xx_hal_rcc_ex.o
LOAD ./Drivers/STM32G4xx_HAL_Driver/Src/stm32g4xx_hal_tim.o
LOAD ./Drivers/STM32G4xx_HAL_Driver/Src/stm32g4xx_hal_tim_ex.o
LOAD ./Drivers/STM32G4xx_HAL_Driver/Src/stm32g4xx_hal_uart.o
LOAD ./Drivers/STM32G4xx_HAL_Driver/Src/stm32g4xx_hal_uart_ex.o
LOAD ./Drivers/STM32G4xx_HAL_Driver/Src/stm32g4xx_hal_usart.o
LOAD ./Drivers/STM32G4xx_HAL_Driver/Src/stm32g4xx_hal_usart_ex.o
START GROUP
LOAD D:/STM32/STM32CubeIDE/STM32CubeIDE_1.16.0/STM32CubeIDE/plugins/com.st.stm32cube.ide.mcu.externaltools.gnu-tools-for-stm32.12.3.rel1.win32_1.0.200.202406191623/tools/bin/../lib/gcc/arm-none-eabi/12.3.1/../../../../arm-none-eabi/lib/thumb/v7e-m+fp/hard\libc_nano.a
LOAD D:/STM32/STM32CubeIDE/STM32CubeIDE_1.16.0/STM32CubeIDE/plugins/com.st.stm32cube.ide.mcu.externaltools.gnu-tools-for-stm32.12.3.rel1.win32_1.0.200.202406191623/tools/bin/../lib/gcc/arm-none-eabi/12.3.1/../../../../arm-none-eabi/lib/thumb/v7e-m+fp/hard\libm.a
END GROUP
START GROUP
LOAD D:/STM32/STM32CubeIDE/STM32CubeIDE_1.16.0/STM32CubeIDE/plugins/com.st.stm32cube.ide.mcu.externaltools.gnu-tools-for-stm32.12.3.rel1.win32_1.0.200.202406191623/tools/bin/../lib/gcc/arm-none-eabi/12.3.1/thumb/v7e-m+fp/hard\libgcc.a
LOAD D:/STM32/STM32CubeIDE/STM32CubeIDE_1.16.0/STM32CubeIDE/plugins/com.st.stm32cube.ide.mcu.externaltools.gnu-tools-for-stm32.12.3.rel1.win32_1.0.200.202406191623/tools/bin/../lib/gcc/arm-none-eabi/12.3.1/../../../../arm-none-eabi/lib/thumb/v7e-m+fp/hard\libc_nano.a
END GROUP
START GROUP
LOAD D:/STM32/STM32CubeIDE/STM32CubeIDE_1.16.0/STM32CubeIDE/plugins/com.st.stm32cube.ide.mcu.externaltools.gnu-tools-for-stm32.12.3.rel1.win32_1.0.200.202406191623/tools/bin/../lib/gcc/arm-none-eabi/12.3.1/thumb/v7e-m+fp/hard\libgcc.a
LOAD D:/STM32/STM32CubeIDE/STM32CubeIDE_1.16.0/STM32CubeIDE/plugins/com.st.stm32cube.ide.mcu.externaltools.gnu-tools-for-stm32.12.3.rel1.win32_1.0.200.202406191623/tools/bin/../lib/gcc/arm-none-eabi/12.3.1/../../../../arm-none-eabi/lib/thumb/v7e-m+fp/hard\libc_nano.a
LOAD D:/STM32/STM32CubeIDE/STM32CubeIDE_1.16.0/STM32CubeIDE/plugins/com.st.stm32cube.ide.mcu.externaltools.gnu-tools-for-stm32.12.3.rel1.win32_1.0.200.202406191623/tools/bin/../lib/gcc/arm-none-eabi/12.3.1/../../../../arm-none-eabi/lib/thumb/v7e-m+fp/hard\libnosys.a
END GROUP
START GROUP
LOAD D:/STM32/STM32CubeIDE/STM32CubeIDE_1.16.0/STM32CubeIDE/plugins/com.st.stm32cube.ide.mcu.externaltools.gnu-tools-for-stm32.12.3.rel1.win32_1.0.200.202406191623/tools/bin/../lib/gcc/arm-none-eabi/12.3.1/thumb/v7e-m+fp/hard\libgcc.a
LOAD D:/STM32/STM32CubeIDE/STM32CubeIDE_1.16.0/STM32CubeIDE/plugins/com.st.stm32cube.ide.mcu.externaltools.gnu-tools-for-stm32.12.3.rel1.win32_1.0.200.202406191623/tools/bin/../lib/gcc/arm-none-eabi/12.3.1/../../../../arm-none-eabi/lib/thumb/v7e-m+fp/hard\libc_nano.a
LOAD D:/STM32/STM32CubeIDE/STM32CubeIDE_1.16.0/STM32CubeIDE/plugins/com.st.stm32cube.ide.mcu.externaltools.gnu-tools-for-stm32.12.3.rel1.win32_1.0.200.202406191623/tools/bin/../lib/gcc/arm-none-eabi/12.3.1/../../../../arm-none-eabi/lib/thumb/v7e-m+fp/hard\libnosys.a
END GROUP
LOAD D:/STM32/STM32CubeIDE/STM32CubeIDE_1.16.0/STM32CubeIDE/plugins/com.st.stm32cube.ide.mcu.externaltools.gnu-tools-for-stm32.12.3.rel1.win32_1.0.200.202406191623/tools/bin/../lib/gcc/arm-none-eabi/12.3.1/thumb/v7e-m+fp/hard/crtend.o
LOAD D:/STM32/STM32CubeIDE/STM32CubeIDE_1.16.0/STM32CubeIDE/plugins/com.st.stm32cube.ide.mcu.externaltools.gnu-tools-for-stm32.12.3.rel1.win32_1.0.200.202406191623/tools/bin/../lib/gcc/arm-none-eabi/12.3.1/thumb/v7e-m+fp/hard/crtn.o
                0x20020000                        _estack = (ORIGIN (RAM) + LENGTH (RAM))
                0x00000200                        _Min_Heap_Size = 0x200
                0x00000400                        _Min_Stack_Size = 0x400

.isr_vector     0x08000000      0x1d8
                0x08000000                        . = ALIGN (0x4)
 *(.isr_vector)
 .isr_vector    0x08000000      0x1d8 ./Core/Startup/startup_stm32g474retx.o
                0x08000000                g_pfnVectors
                0x080001d8                        . = ALIGN (0x4)

.text           0x080001d8     0x2784
                0x080001d8                        . = ALIGN (0x4)
 *(.text)
 .text          0x080001d8       0x40 D:/STM32/STM32CubeIDE/STM32CubeIDE_1.16.0/STM32CubeIDE/plugins/com.st.stm32cube.ide.mcu.externaltools.gnu-tools-for-stm32.12.3.rel1.win32_1.0.200.202406191623/tools/bin/../lib/gcc/arm-none-eabi/12.3.1/thumb/v7e-m+fp/hard/crtbegin.o
 .text          0x08000218       0x30 D:/STM32/STM32CubeIDE/STM32CubeIDE_1.16.0/STM32CubeIDE/plugins/com.st.stm32cube.ide.mcu.externaltools.gnu-tools-for-stm32.12.3.rel1.win32_1.0.200.202406191623/tools/bin/../lib/gcc/arm-none-eabi/12.3.1/thumb/v7e-m+fp/hard\libgcc.a(_aeabi_uldivmod.o)
                0x08000218                __aeabi_uldivmod
 .text          0x08000248      0x2bc D:/STM32/STM32CubeIDE/STM32CubeIDE_1.16.0/STM32CubeIDE/plugins/com.st.stm32cube.ide.mcu.externaltools.gnu-tools-for-stm32.12.3.rel1.win32_1.0.200.202406191623/tools/bin/../lib/gcc/arm-none-eabi/12.3.1/thumb/v7e-m+fp/hard\libgcc.a(_udivmoddi4.o)
                0x08000248                __udivmoddi4
 .text          0x08000504        0x4 D:/STM32/STM32CubeIDE/STM32CubeIDE_1.16.0/STM32CubeIDE/plugins/com.st.stm32cube.ide.mcu.externaltools.gnu-tools-for-stm32.12.3.rel1.win32_1.0.200.202406191623/tools/bin/../lib/gcc/arm-none-eabi/12.3.1/thumb/v7e-m+fp/hard\libgcc.a(_dvmd_tls.o)
                0x08000504                __aeabi_idiv0
                0x08000504                __aeabi_ldiv0
 *(.text*)
 .text.MX_GPIO_Init
                0x08000508       0xac ./Core/Src/gpio.o
                0x08000508                MX_GPIO_Init
 .text.main     0x080005b4       0x5c ./Core/Src/main.o
                0x080005b4                main
 .text.SystemClock_Config
                0x08000610       0x96 ./Core/Src/main.o
                0x08000610                SystemClock_Config
 *fill*         0x080006a6        0x2 
 .text.TIM6_Init
                0x080006a8       0x78 ./Core/Src/main.o
                0x080006a8                TIM6_Init
 .text.DAC1_Init
                0x08000720       0x6c ./Core/Src/main.o
                0x08000720                DAC1_Init
 .text.Error_Handler
                0x0800078c        0xc ./Core/Src/main.o
                0x0800078c                Error_Handler
 .text.HAL_MspInit
                0x08000798       0x48 ./Core/Src/stm32g4xx_hal_msp.o
                0x08000798                HAL_MspInit
 .text.NMI_Handler
                0x080007e0        0x8 ./Core/Src/stm32g4xx_it.o
                0x080007e0                NMI_Handler
 .text.HardFault_Handler
                0x080007e8        0x8 ./Core/Src/stm32g4xx_it.o
                0x080007e8                HardFault_Handler
 .text.MemManage_Handler
                0x080007f0        0x8 ./Core/Src/stm32g4xx_it.o
                0x080007f0                MemManage_Handler
 .text.BusFault_Handler
                0x080007f8        0x8 ./Core/Src/stm32g4xx_it.o
                0x080007f8                BusFault_Handler
 .text.UsageFault_Handler
                0x08000800        0x8 ./Core/Src/stm32g4xx_it.o
                0x08000800                UsageFault_Handler
 .text.SVC_Handler
                0x08000808        0xe ./Core/Src/stm32g4xx_it.o
                0x08000808                SVC_Handler
 .text.DebugMon_Handler
                0x08000816        0xe ./Core/Src/stm32g4xx_it.o
                0x08000816                DebugMon_Handler
 .text.PendSV_Handler
                0x08000824        0xe ./Core/Src/stm32g4xx_it.o
                0x08000824                PendSV_Handler
 .text.SysTick_Handler
                0x08000832        0xc ./Core/Src/stm32g4xx_it.o
                0x08000832                SysTick_Handler
 .text.EXTI15_10_IRQHandler
                0x0800083e        0xe ./Core/Src/stm32g4xx_it.o
                0x0800083e                EXTI15_10_IRQHandler
 .text.SystemInit
                0x0800084c       0x24 ./Core/Src/system_stm32g4xx.o
                0x0800084c                SystemInit
 .text.Reset_Handler
                0x08000870       0x50 ./Core/Startup/startup_stm32g474retx.o
                0x08000870                Reset_Handler
 .text.Default_Handler
                0x080008c0        0x2 ./Core/Startup/startup_stm32g474retx.o
                0x080008c0                RTC_Alarm_IRQHandler
                0x080008c0                EXTI2_IRQHandler
                0x080008c0                TIM8_TRG_COM_IRQHandler
                0x080008c0                TIM8_CC_IRQHandler
                0x080008c0                HRTIM1_Master_IRQHandler
                0x080008c0                SPI4_IRQHandler
                0x080008c0                FDCAN3_IT0_IRQHandler
                0x080008c0                TIM1_CC_IRQHandler
                0x080008c0                HRTIM1_FLT_IRQHandler
                0x080008c0                HRTIM1_TIMF_IRQHandler
                0x080008c0                USB_HP_IRQHandler
                0x080008c0                CORDIC_IRQHandler
                0x080008c0                HRTIM1_TIMD_IRQHandler
                0x080008c0                DMA2_Channel8_IRQHandler
                0x080008c0                EXTI3_IRQHandler
                0x080008c0                I2C3_ER_IRQHandler
                0x080008c0                EXTI0_IRQHandler
                0x080008c0                I2C2_EV_IRQHandler
                0x080008c0                FPU_IRQHandler
                0x080008c0                FDCAN1_IT1_IRQHandler
                0x080008c0                TIM1_UP_TIM16_IRQHandler
                0x080008c0                ADC1_2_IRQHandler
                0x080008c0                HRTIM1_TIME_IRQHandler
                0x080008c0                SPI1_IRQHandler
                0x080008c0                TIM6_DAC_IRQHandler
                0x080008c0                HRTIM1_TIMC_IRQHandler
                0x080008c0                TIM8_UP_IRQHandler
                0x080008c0                DMA2_Channel2_IRQHandler
                0x080008c0                DMA1_Channel4_IRQHandler
                0x080008c0                TIM20_TRG_COM_IRQHandler
                0x080008c0                USART3_IRQHandler
                0x080008c0                DMA1_Channel7_IRQHandler
                0x080008c0                UART5_IRQHandler
                0x080008c0                ADC3_IRQHandler
                0x080008c0                TIM4_IRQHandler
                0x080008c0                DMA2_Channel1_IRQHandler
                0x080008c0                QUADSPI_IRQHandler
                0x080008c0                I2C1_EV_IRQHandler
                0x080008c0                DMA1_Channel6_IRQHandler
                0x080008c0                UART4_IRQHandler
                0x080008c0                DMA2_Channel4_IRQHandler
                0x080008c0                TIM3_IRQHandler
                0x080008c0                RCC_IRQHandler
                0x080008c0                TIM20_UP_IRQHandler
                0x080008c0                DMA1_Channel1_IRQHandler
                0x080008c0                Default_Handler
                0x080008c0                DMA2_Channel7_IRQHandler
                0x080008c0                RTC_TAMP_LSECSS_IRQHandler
                0x080008c0                FMAC_IRQHandler
                0x080008c0                DMA1_Channel8_IRQHandler
                0x080008c0                HRTIM1_TIMA_IRQHandler
                0x080008c0                TIM7_DAC_IRQHandler
                0x080008c0                FDCAN3_IT1_IRQHandler
                0x080008c0                TIM5_IRQHandler
                0x080008c0                UCPD1_IRQHandler
                0x080008c0                I2C3_EV_IRQHandler
                0x080008c0                EXTI9_5_IRQHandler
                0x080008c0                RTC_WKUP_IRQHandler
                0x080008c0                PVD_PVM_IRQHandler
                0x080008c0                SPI2_IRQHandler
                0x080008c0                ADC5_IRQHandler
                0x080008c0                DMA2_Channel5_IRQHandler
                0x080008c0                CRS_IRQHandler
                0x080008c0                DMA1_Channel5_IRQHandler
                0x080008c0                USB_LP_IRQHandler
                0x080008c0                EXTI4_IRQHandler
                0x080008c0                RNG_IRQHandler
                0x080008c0                HRTIM1_TIMB_IRQHandler
                0x080008c0                TIM1_TRG_COM_TIM17_IRQHandler
                0x080008c0                FDCAN2_IT1_IRQHandler
                0x080008c0                DMA1_Channel3_IRQHandler
                0x080008c0                ADC4_IRQHandler
                0x080008c0                WWDG_IRQHandler
                0x080008c0                I2C4_EV_IRQHandler
                0x080008c0                FDCAN2_IT0_IRQHandler
                0x080008c0                LPUART1_IRQHandler
                0x080008c0                DMA2_Channel6_IRQHandler
                0x080008c0                FDCAN1_IT0_IRQHandler
                0x080008c0                TIM2_IRQHandler
                0x080008c0                COMP7_IRQHandler
                0x080008c0                COMP1_2_3_IRQHandler
                0x080008c0                EXTI1_IRQHandler
                0x080008c0                USART2_IRQHandler
                0x080008c0                COMP4_5_6_IRQHandler
                0x080008c0                TIM20_BRK_IRQHandler
                0x080008c0                I2C2_ER_IRQHandler
                0x080008c0                DMA1_Channel2_IRQHandler
                0x080008c0                TIM8_BRK_IRQHandler
                0x080008c0                FLASH_IRQHandler
                0x080008c0                TIM20_CC_IRQHandler
                0x080008c0                USART1_IRQHandler
                0x080008c0                SPI3_IRQHandler
                0x080008c0                I2C1_ER_IRQHandler
                0x080008c0                FMC_IRQHandler
                0x080008c0                LPTIM1_IRQHandler
                0x080008c0                DMAMUX_OVR_IRQHandler
                0x080008c0                I2C4_ER_IRQHandler
                0x080008c0                USBWakeUp_IRQHandler
                0x080008c0                SAI1_IRQHandler
                0x080008c0                DMA2_Channel3_IRQHandler
                0x080008c0                TIM1_BRK_TIM15_IRQHandler
 *fill*         0x080008c2        0x2 
 .text.BSP_PB_Init
                0x080008c4       0xdc ./Drivers/BSP/STM32G4xx_Nucleo/stm32g4xx_nucleo.o
                0x080008c4                BSP_PB_Init
 .text.BSP_PB_IRQHandler
                0x080009a0       0x24 ./Drivers/BSP/STM32G4xx_Nucleo/stm32g4xx_nucleo.o
                0x080009a0                BSP_PB_IRQHandler
 .text.BSP_PB_Callback
                0x080009c4       0x16 ./Drivers/BSP/STM32G4xx_Nucleo/stm32g4xx_nucleo.o
                0x080009c4                BSP_PB_Callback
 *fill*         0x080009da        0x2 
 .text.BSP_COM_Init
                0x080009dc       0x60 ./Drivers/BSP/STM32G4xx_Nucleo/stm32g4xx_nucleo.o
                0x080009dc                BSP_COM_Init
 .text.MX_LPUART1_Init
                0x08000a3c       0x64 ./Drivers/BSP/STM32G4xx_Nucleo/stm32g4xx_nucleo.o
                0x08000a3c                MX_LPUART1_Init
 .text.BUTTON_USER_EXTI_Callback
                0x08000aa0        0xe ./Drivers/BSP/STM32G4xx_Nucleo/stm32g4xx_nucleo.o
 *fill*         0x08000aae        0x2 
 .text.COM1_MspInit
                0x08000ab0       0x98 ./Drivers/BSP/STM32G4xx_Nucleo/stm32g4xx_nucleo.o
 .text.HAL_Init
                0x08000b48       0x30 ./Drivers/STM32G4xx_HAL_Driver/Src/stm32g4xx_hal.o
                0x08000b48                HAL_Init
 .text.HAL_InitTick
                0x08000b78       0x74 ./Drivers/STM32G4xx_HAL_Driver/Src/stm32g4xx_hal.o
                0x08000b78                HAL_InitTick
 .text.HAL_IncTick
                0x08000bec       0x24 ./Drivers/STM32G4xx_HAL_Driver/Src/stm32g4xx_hal.o
                0x08000bec                HAL_IncTick
 .text.HAL_GetTick
                0x08000c10       0x18 ./Drivers/STM32G4xx_HAL_Driver/Src/stm32g4xx_hal.o
                0x08000c10                HAL_GetTick
 .text.__NVIC_SetPriorityGrouping
                0x08000c28       0x48 ./Drivers/STM32G4xx_HAL_Driver/Src/stm32g4xx_hal_cortex.o
 .text.__NVIC_GetPriorityGrouping
                0x08000c70       0x1c ./Drivers/STM32G4xx_HAL_Driver/Src/stm32g4xx_hal_cortex.o
 .text.__NVIC_EnableIRQ
                0x08000c8c       0x3c ./Drivers/STM32G4xx_HAL_Driver/Src/stm32g4xx_hal_cortex.o
 .text.__NVIC_SetPriority
                0x08000cc8       0x54 ./Drivers/STM32G4xx_HAL_Driver/Src/stm32g4xx_hal_cortex.o
 .text.NVIC_EncodePriority
                0x08000d1c       0x66 ./Drivers/STM32G4xx_HAL_Driver/Src/stm32g4xx_hal_cortex.o
 *fill*         0x08000d82        0x2 
 .text.SysTick_Config
                0x08000d84       0x44 ./Drivers/STM32G4xx_HAL_Driver/Src/stm32g4xx_hal_cortex.o
 .text.HAL_NVIC_SetPriorityGrouping
                0x08000dc8       0x16 ./Drivers/STM32G4xx_HAL_Driver/Src/stm32g4xx_hal_cortex.o
                0x08000dc8                HAL_NVIC_SetPriorityGrouping
 .text.HAL_NVIC_SetPriority
                0x08000dde       0x34 ./Drivers/STM32G4xx_HAL_Driver/Src/stm32g4xx_hal_cortex.o
                0x08000dde                HAL_NVIC_SetPriority
 .text.HAL_NVIC_EnableIRQ
                0x08000e12       0x1c ./Drivers/STM32G4xx_HAL_Driver/Src/stm32g4xx_hal_cortex.o
                0x08000e12                HAL_NVIC_EnableIRQ
 .text.HAL_SYSTICK_Config
                0x08000e2e       0x18 ./Drivers/STM32G4xx_HAL_Driver/Src/stm32g4xx_hal_cortex.o
                0x08000e2e                HAL_SYSTICK_Config
 .text.HAL_EXTI_RegisterCallback
                0x08000e46       0x3a ./Drivers/STM32G4xx_HAL_Driver/Src/stm32g4xx_hal_exti.o
                0x08000e46                HAL_EXTI_RegisterCallback
 .text.HAL_EXTI_GetHandle
                0x08000e80       0x28 ./Drivers/STM32G4xx_HAL_Driver/Src/stm32g4xx_hal_exti.o
                0x08000e80                HAL_EXTI_GetHandle
 .text.HAL_EXTI_IRQHandler
                0x08000ea8       0x60 ./Drivers/STM32G4xx_HAL_Driver/Src/stm32g4xx_hal_exti.o
                0x08000ea8                HAL_EXTI_IRQHandler
 .text.HAL_GPIO_Init
                0x08000f08      0x304 ./Drivers/STM32G4xx_HAL_Driver/Src/stm32g4xx_hal_gpio.o
                0x08000f08                HAL_GPIO_Init
 .text.HAL_GPIO_WritePin
                0x0800120c       0x30 ./Drivers/STM32G4xx_HAL_Driver/Src/stm32g4xx_hal_gpio.o
                0x0800120c                HAL_GPIO_WritePin
 .text.HAL_PWREx_ControlVoltageScaling
                0x0800123c      0x148 ./Drivers/STM32G4xx_HAL_Driver/Src/stm32g4xx_hal_pwr_ex.o
                0x0800123c                HAL_PWREx_ControlVoltageScaling
 .text.HAL_PWREx_DisableUCPDDeadBattery
                0x08001384       0x20 ./Drivers/STM32G4xx_HAL_Driver/Src/stm32g4xx_hal_pwr_ex.o
                0x08001384                HAL_PWREx_DisableUCPDDeadBattery
 .text.HAL_RCC_OscConfig
                0x080013a4      0x624 ./Drivers/STM32G4xx_HAL_Driver/Src/stm32g4xx_hal_rcc.o
                0x080013a4                HAL_RCC_OscConfig
 .text.HAL_RCC_ClockConfig
                0x080019c8      0x278 ./Drivers/STM32G4xx_HAL_Driver/Src/stm32g4xx_hal_rcc.o
                0x080019c8                HAL_RCC_ClockConfig
 .text.HAL_RCC_GetSysClockFreq
                0x08001c40       0xc4 ./Drivers/STM32G4xx_HAL_Driver/Src/stm32g4xx_hal_rcc.o
                0x08001c40                HAL_RCC_GetSysClockFreq
 .text.HAL_RCC_GetHCLKFreq
                0x08001d04       0x18 ./Drivers/STM32G4xx_HAL_Driver/Src/stm32g4xx_hal_rcc.o
                0x08001d04                HAL_RCC_GetHCLKFreq
 .text.HAL_RCC_GetPCLK1Freq
                0x08001d1c       0x2c ./Drivers/STM32G4xx_HAL_Driver/Src/stm32g4xx_hal_rcc.o
                0x08001d1c                HAL_RCC_GetPCLK1Freq
 .text.HAL_RCC_GetPCLK2Freq
                0x08001d48       0x2c ./Drivers/STM32G4xx_HAL_Driver/Src/stm32g4xx_hal_rcc.o
                0x08001d48                HAL_RCC_GetPCLK2Freq
 .text.RCC_GetSysClockFreqFromPLLSource
                0x08001d74       0x8c ./Drivers/STM32G4xx_HAL_Driver/Src/stm32g4xx_hal_rcc.o
 .text.HAL_UART_Init
                0x08001e00       0xa0 ./Drivers/STM32G4xx_HAL_Driver/Src/stm32g4xx_hal_uart.o
                0x08001e00                HAL_UART_Init
 .text.HAL_UART_MspInit
                0x08001ea0       0x14 ./Drivers/STM32G4xx_HAL_Driver/Src/stm32g4xx_hal_uart.o
                0x08001ea0                HAL_UART_MspInit
 .text.UART_SetConfig
                0x08001eb4      0x5f8 ./Drivers/STM32G4xx_HAL_Driver/Src/stm32g4xx_hal_uart.o
                0x08001eb4                UART_SetConfig
 .text.UART_AdvFeatureConfig
                0x080024ac      0x144 ./Drivers/STM32G4xx_HAL_Driver/Src/stm32g4xx_hal_uart.o
                0x080024ac                UART_AdvFeatureConfig
 .text.UART_CheckIdleState
                0x080025f0      0x154 ./Drivers/STM32G4xx_HAL_Driver/Src/stm32g4xx_hal_uart.o
                0x080025f0                UART_CheckIdleState
 .text.UART_WaitOnFlagUntilTimeout
                0x08002744       0xda ./Drivers/STM32G4xx_HAL_Driver/Src/stm32g4xx_hal_uart.o
                0x08002744                UART_WaitOnFlagUntilTimeout
 .text.UART_EndRxTransfer
                0x0800281e       0xcc ./Drivers/STM32G4xx_HAL_Driver/Src/stm32g4xx_hal_uart.o
 .text.memset   0x080028ea       0x10 D:/STM32/STM32CubeIDE/STM32CubeIDE_1.16.0/STM32CubeIDE/plugins/com.st.stm32cube.ide.mcu.externaltools.gnu-tools-for-stm32.12.3.rel1.win32_1.0.200.202406191623/tools/bin/../lib/gcc/arm-none-eabi/12.3.1/../../../../arm-none-eabi/lib/thumb/v7e-m+fp/hard\libc_nano.a(libc_a-memset.o)
                0x080028ea                memset
 *fill*         0x080028fa        0x2 
 .text.__libc_init_array
                0x080028fc       0x48 D:/STM32/STM32CubeIDE/STM32CubeIDE_1.16.0/STM32CubeIDE/plugins/com.st.stm32cube.ide.mcu.externaltools.gnu-tools-for-stm32.12.3.rel1.win32_1.0.200.202406191623/tools/bin/../lib/gcc/arm-none-eabi/12.3.1/../../../../arm-none-eabi/lib/thumb/v7e-m+fp/hard\libc_nano.a(libc_a-init.o)
                0x080028fc                __libc_init_array
 *(.glue_7)
 .glue_7        0x08002944        0x0 linker stubs
 *(.glue_7t)
 .glue_7t       0x08002944        0x0 linker stubs
 *(.eh_frame)
 .eh_frame      0x08002944        0x0 D:/STM32/STM32CubeIDE/STM32CubeIDE_1.16.0/STM32CubeIDE/plugins/com.st.stm32cube.ide.mcu.externaltools.gnu-tools-for-stm32.12.3.rel1.win32_1.0.200.202406191623/tools/bin/../lib/gcc/arm-none-eabi/12.3.1/thumb/v7e-m+fp/hard/crtbegin.o
 *(.init)
 .init          0x08002944        0x4 D:/STM32/STM32CubeIDE/STM32CubeIDE_1.16.0/STM32CubeIDE/plugins/com.st.stm32cube.ide.mcu.externaltools.gnu-tools-for-stm32.12.3.rel1.win32_1.0.200.202406191623/tools/bin/../lib/gcc/arm-none-eabi/12.3.1/thumb/v7e-m+fp/hard/crti.o
                0x08002944                _init
 .init          0x08002948        0x8 D:/STM32/STM32CubeIDE/STM32CubeIDE_1.16.0/STM32CubeIDE/plugins/com.st.stm32cube.ide.mcu.externaltools.gnu-tools-for-stm32.12.3.rel1.win32_1.0.200.202406191623/tools/bin/../lib/gcc/arm-none-eabi/12.3.1/thumb/v7e-m+fp/hard/crtn.o
 *(.fini)
 .fini          0x08002950        0x4 D:/STM32/STM32CubeIDE/STM32CubeIDE_1.16.0/STM32CubeIDE/plugins/com.st.stm32cube.ide.mcu.externaltools.gnu-tools-for-stm32.12.3.rel1.win32_1.0.200.202406191623/tools/bin/../lib/gcc/arm-none-eabi/12.3.1/thumb/v7e-m+fp/hard/crti.o
                0x08002950                _fini
 .fini          0x08002954        0x8 D:/STM32/STM32CubeIDE/STM32CubeIDE_1.16.0/STM32CubeIDE/plugins/com.st.stm32cube.ide.mcu.externaltools.gnu-tools-for-stm32.12.3.rel1.win32_1.0.200.202406191623/tools/bin/../lib/gcc/arm-none-eabi/12.3.1/thumb/v7e-m+fp/hard/crtn.o
                0x0800295c                        . = ALIGN (0x4)
                0x0800295c                        _etext = .

.vfp11_veneer   0x0800295c        0x0
 .vfp11_veneer  0x0800295c        0x0 linker stubs

.v4_bx          0x0800295c        0x0
 .v4_bx         0x0800295c        0x0 linker stubs

.iplt           0x0800295c        0x0
 .iplt          0x0800295c        0x0 D:/STM32/STM32CubeIDE/STM32CubeIDE_1.16.0/STM32CubeIDE/plugins/com.st.stm32cube.ide.mcu.externaltools.gnu-tools-for-stm32.12.3.rel1.win32_1.0.200.202406191623/tools/bin/../lib/gcc/arm-none-eabi/12.3.1/thumb/v7e-m+fp/hard/crtbegin.o

.rodata         0x0800295c       0x34
                0x0800295c                        . = ALIGN (0x4)
 *(.rodata)
 *(.rodata*)
 .rodata.AHBPrescTable
                0x0800295c       0x10 ./Core/Src/system_stm32g4xx.o
                0x0800295c                AHBPrescTable
 .rodata.APBPrescTable
                0x0800296c        0x8 ./Core/Src/system_stm32g4xx.o
                0x0800296c                APBPrescTable
 .rodata.BUTTON_EXTI_LINE.2
                0x08002974        0x4 ./Drivers/BSP/STM32G4xx_Nucleo/stm32g4xx_nucleo.o
 .rodata.UARTPrescTable
                0x08002978       0x18 ./Drivers/STM32G4xx_HAL_Driver/Src/stm32g4xx_hal_uart.o
                0x08002978                UARTPrescTable
                0x08002990                        . = ALIGN (0x4)

.ARM.extab      0x08002990        0x0
                0x08002990                        . = ALIGN (0x4)
 *(.ARM.extab* .gnu.linkonce.armextab.*)
                0x08002990                        . = ALIGN (0x4)

.ARM            0x08002990        0x8
                0x08002990                        . = ALIGN (0x4)
                0x08002990                        __exidx_start = .
 *(.ARM.exidx*)
 .ARM.exidx     0x08002990        0x8 D:/STM32/STM32CubeIDE/STM32CubeIDE_1.16.0/STM32CubeIDE/plugins/com.st.stm32cube.ide.mcu.externaltools.gnu-tools-for-stm32.12.3.rel1.win32_1.0.200.202406191623/tools/bin/../lib/gcc/arm-none-eabi/12.3.1/thumb/v7e-m+fp/hard\libgcc.a(_udivmoddi4.o)
                0x08002998                        __exidx_end = .
                0x08002998                        . = ALIGN (0x4)

.preinit_array  0x08002998        0x0
                0x08002998                        . = ALIGN (0x4)
                0x08002998                        PROVIDE (__preinit_array_start = .)
 *(.preinit_array*)
                0x08002998                        PROVIDE (__preinit_array_end = .)
                0x08002998                        . = ALIGN (0x4)

.init_array     0x08002998        0x4
                0x08002998                        . = ALIGN (0x4)
                0x08002998                        PROVIDE (__init_array_start = .)
 *(SORT_BY_NAME(.init_array.*))
 *(.init_array*)
 .init_array    0x08002998        0x4 D:/STM32/STM32CubeIDE/STM32CubeIDE_1.16.0/STM32CubeIDE/plugins/com.st.stm32cube.ide.mcu.externaltools.gnu-tools-for-stm32.12.3.rel1.win32_1.0.200.202406191623/tools/bin/../lib/gcc/arm-none-eabi/12.3.1/thumb/v7e-m+fp/hard/crtbegin.o
                0x0800299c                        PROVIDE (__init_array_end = .)
                0x0800299c                        . = ALIGN (0x4)

.fini_array     0x0800299c        0x4
                0x0800299c                        . = ALIGN (0x4)
                [!provide]                        PROVIDE (__fini_array_start = .)
 *(SORT_BY_NAME(.fini_array.*))
 *(.fini_array*)
 .fini_array    0x0800299c        0x4 D:/STM32/STM32CubeIDE/STM32CubeIDE_1.16.0/STM32CubeIDE/plugins/com.st.stm32cube.ide.mcu.externaltools.gnu-tools-for-stm32.12.3.rel1.win32_1.0.200.202406191623/tools/bin/../lib/gcc/arm-none-eabi/12.3.1/thumb/v7e-m+fp/hard/crtbegin.o
                [!provide]                        PROVIDE (__fini_array_end = .)
                0x080029a0                        . = ALIGN (0x4)
                0x080029a0                        _sidata = LOADADDR (.data)

.rel.dyn        0x080029a0        0x0
 .rel.iplt      0x080029a0        0x0 D:/STM32/STM32CubeIDE/STM32CubeIDE_1.16.0/STM32CubeIDE/plugins/com.st.stm32cube.ide.mcu.externaltools.gnu-tools-for-stm32.12.3.rel1.win32_1.0.200.202406191623/tools/bin/../lib/gcc/arm-none-eabi/12.3.1/thumb/v7e-m+fp/hard/crtbegin.o

.data           0x20000000       0x1c load address 0x080029a0
                0x20000000                        . = ALIGN (0x4)
                0x20000000                        _sdata = .
 *(.data)
 *(.data*)
 .data.SystemCoreClock
                0x20000000        0x4 ./Core/Src/system_stm32g4xx.o
                0x20000000                SystemCoreClock
 .data.BUTTON_PORT
                0x20000004        0x4 ./Drivers/BSP/STM32G4xx_Nucleo/stm32g4xx_nucleo.o
 .data.COM_USART
                0x20000008        0x4 ./Drivers/BSP/STM32G4xx_Nucleo/stm32g4xx_nucleo.o
 .data.ButtonCallback.1
                0x2000000c        0x4 ./Drivers/BSP/STM32G4xx_Nucleo/stm32g4xx_nucleo.o
 .data.BSP_BUTTON_PRIO.0
                0x20000010        0x4 ./Drivers/BSP/STM32G4xx_Nucleo/stm32g4xx_nucleo.o
 .data.uwTickPrio
                0x20000014        0x4 ./Drivers/STM32G4xx_HAL_Driver/Src/stm32g4xx_hal.o
                0x20000014                uwTickPrio
 .data.uwTickFreq
                0x20000018        0x4 ./Drivers/STM32G4xx_HAL_Driver/Src/stm32g4xx_hal.o
                0x20000018                uwTickFreq
 *(.RamFunc)
 *(.RamFunc*)
                0x2000001c                        . = ALIGN (0x4)
                0x2000001c                        _edata = .

.igot.plt       0x2000001c        0x0 load address 0x080029bc
 .igot.plt      0x2000001c        0x0 D:/STM32/STM32CubeIDE/STM32CubeIDE_1.16.0/STM32CubeIDE/plugins/com.st.stm32cube.ide.mcu.externaltools.gnu-tools-for-stm32.12.3.rel1.win32_1.0.200.202406191623/tools/bin/../lib/gcc/arm-none-eabi/12.3.1/thumb/v7e-m+fp/hard/crtbegin.o
                0x2000001c                        . = ALIGN (0x4)

.bss            0x2000001c       0xcc load address 0x080029bc
                0x2000001c                        _sbss = .
                0x2000001c                        __bss_start__ = _sbss
 *(.bss)
 .bss           0x2000001c       0x1c D:/STM32/STM32CubeIDE/STM32CubeIDE_1.16.0/STM32CubeIDE/plugins/com.st.stm32cube.ide.mcu.externaltools.gnu-tools-for-stm32.12.3.rel1.win32_1.0.200.202406191623/tools/bin/../lib/gcc/arm-none-eabi/12.3.1/thumb/v7e-m+fp/hard/crtbegin.o
 *(.bss*)
 .bss.BspCOMInit
                0x20000038       0x10 ./Core/Src/main.o
                0x20000038                BspCOMInit
 .bss.hpb_exti  0x20000048        0x8 ./Drivers/BSP/STM32G4xx_Nucleo/stm32g4xx_nucleo.o
                0x20000048                hpb_exti
 .bss.hcom_uart
                0x20000050       0x94 ./Drivers/BSP/STM32G4xx_Nucleo/stm32g4xx_nucleo.o
                0x20000050                hcom_uart
 .bss.uwTick    0x200000e4        0x4 ./Drivers/STM32G4xx_HAL_Driver/Src/stm32g4xx_hal.o
                0x200000e4                uwTick
 *(COMMON)
                0x200000e8                        . = ALIGN (0x4)
                0x200000e8                        _ebss = .
                0x200000e8                        __bss_end__ = _ebss

._user_heap_stack
                0x200000e8      0x600 load address 0x080029bc
                0x200000e8                        . = ALIGN (0x8)
                [!provide]                        PROVIDE (end = .)
                0x200000e8                        PROVIDE (_end = .)
                0x200002e8                        . = (. + _Min_Heap_Size)
 *fill*         0x200000e8      0x200 
                0x200006e8                        . = (. + _Min_Stack_Size)
 *fill*         0x200002e8      0x400 
                0x200006e8                        . = ALIGN (0x8)

/DISCARD/
 libc.a(*)
 libm.a(*)
 libgcc.a(*)

.ARM.attributes
                0x00000000       0x30
 *(.ARM.attributes)
 .ARM.attributes
                0x00000000       0x22 D:/STM32/STM32CubeIDE/STM32CubeIDE_1.16.0/STM32CubeIDE/plugins/com.st.stm32cube.ide.mcu.externaltools.gnu-tools-for-stm32.12.3.rel1.win32_1.0.200.202406191623/tools/bin/../lib/gcc/arm-none-eabi/12.3.1/thumb/v7e-m+fp/hard/crti.o
 .ARM.attributes
                0x00000022       0x34 D:/STM32/STM32CubeIDE/STM32CubeIDE_1.16.0/STM32CubeIDE/plugins/com.st.stm32cube.ide.mcu.externaltools.gnu-tools-for-stm32.12.3.rel1.win32_1.0.200.202406191623/tools/bin/../lib/gcc/arm-none-eabi/12.3.1/thumb/v7e-m+fp/hard/crtbegin.o
 .ARM.attributes
                0x00000056       0x34 ./Core/Src/gpio.o
 .ARM.attributes
                0x0000008a       0x34 ./Core/Src/main.o
 .ARM.attributes
                0x000000be       0x34 ./Core/Src/stm32g4xx_hal_msp.o
 .ARM.attributes
                0x000000f2       0x34 ./Core/Src/stm32g4xx_it.o
 .ARM.attributes
                0x00000126       0x34 ./Core/Src/system_stm32g4xx.o
 .ARM.attributes
                0x0000015a       0x21 ./Core/Startup/startup_stm32g474retx.o
 .ARM.attributes
                0x0000017b       0x34 ./Drivers/BSP/STM32G4xx_Nucleo/stm32g4xx_nucleo.o
 .ARM.attributes
                0x000001af       0x34 ./Drivers/STM32G4xx_HAL_Driver/Src/stm32g4xx_hal.o
 .ARM.attributes
                0x000001e3       0x34 ./Drivers/STM32G4xx_HAL_Driver/Src/stm32g4xx_hal_cortex.o
 .ARM.attributes
                0x00000217       0x34 ./Drivers/STM32G4xx_HAL_Driver/Src/stm32g4xx_hal_exti.o
 .ARM.attributes
                0x0000024b       0x34 ./Drivers/STM32G4xx_HAL_Driver/Src/stm32g4xx_hal_gpio.o
 .ARM.attributes
                0x0000027f       0x34 ./Drivers/STM32G4xx_HAL_Driver/Src/stm32g4xx_hal_pwr_ex.o
 .ARM.attributes
                0x000002b3       0x34 ./Drivers/STM32G4xx_HAL_Driver/Src/stm32g4xx_hal_rcc.o
 .ARM.attributes
                0x000002e7       0x34 ./Drivers/STM32G4xx_HAL_Driver/Src/stm32g4xx_hal_uart.o
 .ARM.attributes
                0x0000031b       0x34 D:/STM32/STM32CubeIDE/STM32CubeIDE_1.16.0/STM32CubeIDE/plugins/com.st.stm32cube.ide.mcu.externaltools.gnu-tools-for-stm32.12.3.rel1.win32_1.0.200.202406191623/tools/bin/../lib/gcc/arm-none-eabi/12.3.1/../../../../arm-none-eabi/lib/thumb/v7e-m+fp/hard\libc_nano.a(libc_a-memset.o)
 .ARM.attributes
                0x0000034f       0x34 D:/STM32/STM32CubeIDE/STM32CubeIDE_1.16.0/STM32CubeIDE/plugins/com.st.stm32cube.ide.mcu.externaltools.gnu-tools-for-stm32.12.3.rel1.win32_1.0.200.202406191623/tools/bin/../lib/gcc/arm-none-eabi/12.3.1/../../../../arm-none-eabi/lib/thumb/v7e-m+fp/hard\libc_nano.a(libc_a-init.o)
 .ARM.attributes
                0x00000383       0x22 D:/STM32/STM32CubeIDE/STM32CubeIDE_1.16.0/STM32CubeIDE/plugins/com.st.stm32cube.ide.mcu.externaltools.gnu-tools-for-stm32.12.3.rel1.win32_1.0.200.202406191623/tools/bin/../lib/gcc/arm-none-eabi/12.3.1/thumb/v7e-m+fp/hard\libgcc.a(_aeabi_uldivmod.o)
 .ARM.attributes
                0x000003a5       0x34 D:/STM32/STM32CubeIDE/STM32CubeIDE_1.16.0/STM32CubeIDE/plugins/com.st.stm32cube.ide.mcu.externaltools.gnu-tools-for-stm32.12.3.rel1.win32_1.0.200.202406191623/tools/bin/../lib/gcc/arm-none-eabi/12.3.1/thumb/v7e-m+fp/hard\libgcc.a(_udivmoddi4.o)
 .ARM.attributes
                0x000003d9       0x22 D:/STM32/STM32CubeIDE/STM32CubeIDE_1.16.0/STM32CubeIDE/plugins/com.st.stm32cube.ide.mcu.externaltools.gnu-tools-for-stm32.12.3.rel1.win32_1.0.200.202406191623/tools/bin/../lib/gcc/arm-none-eabi/12.3.1/thumb/v7e-m+fp/hard\libgcc.a(_dvmd_tls.o)
 .ARM.attributes
                0x000003fb       0x22 D:/STM32/STM32CubeIDE/STM32CubeIDE_1.16.0/STM32CubeIDE/plugins/com.st.stm32cube.ide.mcu.externaltools.gnu-tools-for-stm32.12.3.rel1.win32_1.0.200.202406191623/tools/bin/../lib/gcc/arm-none-eabi/12.3.1/thumb/v7e-m+fp/hard/crtn.o
OUTPUT(FunctionGeneratotV1.0.elf elf32-littlearm)
LOAD linker stubs
LOAD D:/STM32/STM32CubeIDE/STM32CubeIDE_1.16.0/STM32CubeIDE/plugins/com.st.stm32cube.ide.mcu.externaltools.gnu-tools-for-stm32.12.3.rel1.win32_1.0.200.202406191623/tools/bin/../lib/gcc/arm-none-eabi/12.3.1/../../../../arm-none-eabi/lib/thumb/v7e-m+fp/hard\libc.a
LOAD D:/STM32/STM32CubeIDE/STM32CubeIDE_1.16.0/STM32CubeIDE/plugins/com.st.stm32cube.ide.mcu.externaltools.gnu-tools-for-stm32.12.3.rel1.win32_1.0.200.202406191623/tools/bin/../lib/gcc/arm-none-eabi/12.3.1/../../../../arm-none-eabi/lib/thumb/v7e-m+fp/hard\libm.a
LOAD D:/STM32/STM32CubeIDE/STM32CubeIDE_1.16.0/STM32CubeIDE/plugins/com.st.stm32cube.ide.mcu.externaltools.gnu-tools-for-stm32.12.3.rel1.win32_1.0.200.202406191623/tools/bin/../lib/gcc/arm-none-eabi/12.3.1/thumb/v7e-m+fp/hard\libgcc.a

.debug_info     0x00000000     0xb4e9
 .debug_info    0x00000000      0x486 ./Core/Src/gpio.o
 .debug_info    0x00000486      0xaad ./Core/Src/main.o
 .debug_info    0x00000f33      0x2e1 ./Core/Src/stm32g4xx_hal_msp.o
 .debug_info    0x00001214      0x162 ./Core/Src/stm32g4xx_it.o
 .debug_info    0x00001376      0x58e ./Core/Src/system_stm32g4xx.o
 .debug_info    0x00001904       0x30 ./Core/Startup/startup_stm32g474retx.o
 .debug_info    0x00001934     0x174a ./Drivers/BSP/STM32G4xx_Nucleo/stm32g4xx_nucleo.o
 .debug_info    0x0000307e      0xb95 ./Drivers/STM32G4xx_HAL_Driver/Src/stm32g4xx_hal.o
 .debug_info    0x00003c13      0xdf9 ./Drivers/STM32G4xx_HAL_Driver/Src/stm32g4xx_hal_cortex.o
 .debug_info    0x00004a0c      0x63d ./Drivers/STM32G4xx_HAL_Driver/Src/stm32g4xx_hal_exti.o
 .debug_info    0x00005049      0x763 ./Drivers/STM32G4xx_HAL_Driver/Src/stm32g4xx_hal_gpio.o
 .debug_info    0x000057ac      0x93f ./Drivers/STM32G4xx_HAL_Driver/Src/stm32g4xx_hal_pwr_ex.o
 .debug_info    0x000060eb      0xbe0 ./Drivers/STM32G4xx_HAL_Driver/Src/stm32g4xx_hal_rcc.o
 .debug_info    0x00006ccb     0x481e ./Drivers/STM32G4xx_HAL_Driver/Src/stm32g4xx_hal_uart.o

.debug_abbrev   0x00000000     0x1a79
 .debug_abbrev  0x00000000      0x152 ./Core/Src/gpio.o
 .debug_abbrev  0x00000152      0x260 ./Core/Src/main.o
 .debug_abbrev  0x000003b2       0xd9 ./Core/Src/stm32g4xx_hal_msp.o
 .debug_abbrev  0x0000048b       0xbc ./Core/Src/stm32g4xx_it.o
 .debug_abbrev  0x00000547      0x11a ./Core/Src/system_stm32g4xx.o
 .debug_abbrev  0x00000661       0x24 ./Core/Startup/startup_stm32g474retx.o
 .debug_abbrev  0x00000685      0x2fb ./Drivers/BSP/STM32G4xx_Nucleo/stm32g4xx_nucleo.o
 .debug_abbrev  0x00000980      0x271 ./Drivers/STM32G4xx_HAL_Driver/Src/stm32g4xx_hal.o
 .debug_abbrev  0x00000bf1      0x31c ./Drivers/STM32G4xx_HAL_Driver/Src/stm32g4xx_hal_cortex.o
 .debug_abbrev  0x00000f0d      0x1a8 ./Drivers/STM32G4xx_HAL_Driver/Src/stm32g4xx_hal_exti.o
 .debug_abbrev  0x000010b5      0x1cb ./Drivers/STM32G4xx_HAL_Driver/Src/stm32g4xx_hal_gpio.o
 .debug_abbrev  0x00001280      0x22c ./Drivers/STM32G4xx_HAL_Driver/Src/stm32g4xx_hal_pwr_ex.o
 .debug_abbrev  0x000014ac      0x2c9 ./Drivers/STM32G4xx_HAL_Driver/Src/stm32g4xx_hal_rcc.o
 .debug_abbrev  0x00001775      0x304 ./Drivers/STM32G4xx_HAL_Driver/Src/stm32g4xx_hal_uart.o

.debug_aranges  0x00000000      0x950
 .debug_aranges
                0x00000000       0x20 ./Core/Src/gpio.o
 .debug_aranges
                0x00000020       0x48 ./Core/Src/main.o
 .debug_aranges
                0x00000068       0x20 ./Core/Src/stm32g4xx_hal_msp.o
 .debug_aranges
                0x00000088       0x68 ./Core/Src/stm32g4xx_it.o
 .debug_aranges
                0x000000f0       0x28 ./Core/Src/system_stm32g4xx.o
 .debug_aranges
                0x00000118       0x28 ./Core/Startup/startup_stm32g474retx.o
 .debug_aranges
                0x00000140       0xc8 ./Drivers/BSP/STM32G4xx_Nucleo/stm32g4xx_nucleo.o
 .debug_aranges
                0x00000208      0x148 ./Drivers/STM32G4xx_HAL_Driver/Src/stm32g4xx_hal.o
 .debug_aranges
                0x00000350      0x128 ./Drivers/STM32G4xx_HAL_Driver/Src/stm32g4xx_hal_cortex.o
 .debug_aranges
                0x00000478       0x60 ./Drivers/STM32G4xx_HAL_Driver/Src/stm32g4xx_hal_exti.o
 .debug_aranges
                0x000004d8       0x58 ./Drivers/STM32G4xx_HAL_Driver/Src/stm32g4xx_hal_gpio.o
 .debug_aranges
                0x00000530      0x140 ./Drivers/STM32G4xx_HAL_Driver/Src/stm32g4xx_hal_pwr_ex.o
 .debug_aranges
                0x00000670       0x98 ./Drivers/STM32G4xx_HAL_Driver/Src/stm32g4xx_hal_rcc.o
 .debug_aranges
                0x00000708      0x248 ./Drivers/STM32G4xx_HAL_Driver/Src/stm32g4xx_hal_uart.o

.debug_rnglists
                0x00000000      0x718
 .debug_rnglists
                0x00000000       0x14 ./Core/Src/gpio.o
 .debug_rnglists
                0x00000014       0x33 ./Core/Src/main.o
 .debug_rnglists
                0x00000047       0x13 ./Core/Src/stm32g4xx_hal_msp.o
 .debug_rnglists
                0x0000005a       0x49 ./Core/Src/stm32g4xx_it.o
 .debug_rnglists
                0x000000a3       0x1a ./Core/Src/system_stm32g4xx.o
 .debug_rnglists
                0x000000bd       0x19 ./Core/Startup/startup_stm32g474retx.o
 .debug_rnglists
                0x000000d6       0x93 ./Drivers/BSP/STM32G4xx_Nucleo/stm32g4xx_nucleo.o
 .debug_rnglists
                0x00000169       0xf1 ./Drivers/STM32G4xx_HAL_Driver/Src/stm32g4xx_hal.o
 .debug_rnglists
                0x0000025a       0xda ./Drivers/STM32G4xx_HAL_Driver/Src/stm32g4xx_hal_cortex.o
 .debug_rnglists
                0x00000334       0x46 ./Drivers/STM32G4xx_HAL_Driver/Src/stm32g4xx_hal_exti.o
 .debug_rnglists
                0x0000037a       0x3f ./Drivers/STM32G4xx_HAL_Driver/Src/stm32g4xx_hal_gpio.o
 .debug_rnglists
                0x000003b9       0xf1 ./Drivers/STM32G4xx_HAL_Driver/Src/stm32g4xx_hal_pwr_ex.o
 .debug_rnglists
                0x000004aa       0x74 ./Drivers/STM32G4xx_HAL_Driver/Src/stm32g4xx_hal_rcc.o
 .debug_rnglists
                0x0000051e      0x1fa ./Drivers/STM32G4xx_HAL_Driver/Src/stm32g4xx_hal_uart.o

.debug_macro    0x00000000    0x24feb
 .debug_macro   0x00000000      0x2cc ./Core/Src/gpio.o
 .debug_macro   0x000002cc      0xaba ./Core/Src/gpio.o
 .debug_macro   0x00000d86      0x155 ./Core/Src/gpio.o
 .debug_macro   0x00000edb       0x2e ./Core/Src/gpio.o
 .debug_macro   0x00000f09       0x28 ./Core/Src/gpio.o
 .debug_macro   0x00000f31       0x22 ./Core/Src/gpio.o
 .debug_macro   0x00000f53       0x8e ./Core/Src/gpio.o
 .debug_macro   0x00000fe1       0x51 ./Core/Src/gpio.o
 .debug_macro   0x00001032      0x103 ./Core/Src/gpio.o
 .debug_macro   0x00001135       0x6a ./Core/Src/gpio.o
 .debug_macro   0x0000119f      0x1df ./Core/Src/gpio.o
 .debug_macro   0x0000137e       0x1c ./Core/Src/gpio.o
 .debug_macro   0x0000139a       0x22 ./Core/Src/gpio.o
 .debug_macro   0x000013bc       0xfb ./Core/Src/gpio.o
 .debug_macro   0x000014b7     0x1011 ./Core/Src/gpio.o
 .debug_macro   0x000024c8      0x11f ./Core/Src/gpio.o
 .debug_macro   0x000025e7    0x18b8c ./Core/Src/gpio.o
 .debug_macro   0x0001b173       0x6d ./Core/Src/gpio.o
 .debug_macro   0x0001b1e0     0x3558 ./Core/Src/gpio.o
 .debug_macro   0x0001e738      0x189 ./Core/Src/gpio.o
 .debug_macro   0x0001e8c1       0x5c ./Core/Src/gpio.o
 .debug_macro   0x0001e91d     0x171f ./Core/Src/gpio.o
 .debug_macro   0x0002003c      0x600 ./Core/Src/gpio.o
 .debug_macro   0x0002063c      0x1b6 ./Core/Src/gpio.o
 .debug_macro   0x000207f2      0x34a ./Core/Src/gpio.o
 .debug_macro   0x00020b3c      0x53c ./Core/Src/gpio.o
 .debug_macro   0x00021078      0x18b ./Core/Src/gpio.o
 .debug_macro   0x00021203       0x43 ./Core/Src/gpio.o
 .debug_macro   0x00021246      0x23d ./Core/Src/gpio.o
 .debug_macro   0x00021483      0x211 ./Core/Src/gpio.o
 .debug_macro   0x00021694      0x45c ./Core/Src/gpio.o
 .debug_macro   0x00021af0      0x11c ./Core/Src/gpio.o
 .debug_macro   0x00021c0c      0x122 ./Core/Src/gpio.o
 .debug_macro   0x00021d2e      0x3d1 ./Core/Src/gpio.o
 .debug_macro   0x000220ff      0x693 ./Core/Src/gpio.o
 .debug_macro   0x00022792       0xa6 ./Core/Src/gpio.o
 .debug_macro   0x00022838      0x358 ./Core/Src/gpio.o
 .debug_macro   0x00022b90       0x52 ./Core/Src/gpio.o
 .debug_macro   0x00022be2       0x22 ./Core/Src/gpio.o
 .debug_macro   0x00022c04      0x100 ./Core/Src/gpio.o
 .debug_macro   0x00022d04       0x61 ./Core/Src/gpio.o
 .debug_macro   0x00022d65       0x2a ./Core/Src/gpio.o
 .debug_macro   0x00022d8f       0x43 ./Core/Src/gpio.o
 .debug_macro   0x00022dd2       0x34 ./Core/Src/gpio.o
 .debug_macro   0x00022e06       0x16 ./Core/Src/gpio.o
 .debug_macro   0x00022e1c       0x35 ./Core/Src/gpio.o
 .debug_macro   0x00022e51      0x369 ./Core/Src/gpio.o
 .debug_macro   0x000231ba       0x10 ./Core/Src/gpio.o
 .debug_macro   0x000231ca       0x16 ./Core/Src/gpio.o
 .debug_macro   0x000231e0       0x43 ./Core/Src/gpio.o
 .debug_macro   0x00023223       0x34 ./Core/Src/gpio.o
 .debug_macro   0x00023257       0x10 ./Core/Src/gpio.o
 .debug_macro   0x00023267       0x58 ./Core/Src/gpio.o
 .debug_macro   0x000232bf       0x8e ./Core/Src/gpio.o
 .debug_macro   0x0002334d       0x1c ./Core/Src/gpio.o
 .debug_macro   0x00023369      0x177 ./Core/Src/gpio.o
 .debug_macro   0x000234e0       0x16 ./Core/Src/gpio.o
 .debug_macro   0x000234f6       0x16 ./Core/Src/gpio.o
 .debug_macro   0x0002350c      0x146 ./Core/Src/gpio.o
 .debug_macro   0x00023652       0x64 ./Core/Src/gpio.o
 .debug_macro   0x000236b6      0x2dc ./Core/Src/main.o
 .debug_macro   0x00023992      0x2c2 ./Core/Src/stm32g4xx_hal_msp.o
 .debug_macro   0x00023c54      0x2cc ./Core/Src/stm32g4xx_it.o
 .debug_macro   0x00023f20      0x1ba ./Core/Src/system_stm32g4xx.o
 .debug_macro   0x000240da      0x1e7 ./Drivers/BSP/STM32G4xx_Nucleo/stm32g4xx_nucleo.o
 .debug_macro   0x000242c1       0x1c ./Drivers/BSP/STM32G4xx_Nucleo/stm32g4xx_nucleo.o
 .debug_macro   0x000242dd      0x208 ./Drivers/STM32G4xx_HAL_Driver/Src/stm32g4xx_hal.o
 .debug_macro   0x000244e5      0x1ba ./Drivers/STM32G4xx_HAL_Driver/Src/stm32g4xx_hal_cortex.o
 .debug_macro   0x0002469f      0x1c6 ./Drivers/STM32G4xx_HAL_Driver/Src/stm32g4xx_hal_exti.o
 .debug_macro   0x00024865      0x1c1 ./Drivers/STM32G4xx_HAL_Driver/Src/stm32g4xx_hal_gpio.o
 .debug_macro   0x00024a26      0x1e4 ./Drivers/STM32G4xx_HAL_Driver/Src/stm32g4xx_hal_pwr_ex.o
 .debug_macro   0x00024c0a      0x1fc ./Drivers/STM32G4xx_HAL_Driver/Src/stm32g4xx_hal_rcc.o
 .debug_macro   0x00024e06      0x1e5 ./Drivers/STM32G4xx_HAL_Driver/Src/stm32g4xx_hal_uart.o

.debug_line     0x00000000     0xcb6b
 .debug_line    0x00000000      0xaa2 ./Core/Src/gpio.o
 .debug_line    0x00000aa2      0xbff ./Core/Src/main.o
 .debug_line    0x000016a1      0xa94 ./Core/Src/stm32g4xx_hal_msp.o
 .debug_line    0x00002135      0xb6d ./Core/Src/stm32g4xx_it.o
 .debug_line    0x00002ca2      0x840 ./Core/Src/system_stm32g4xx.o
 .debug_line    0x000034e2       0x7b ./Core/Startup/startup_stm32g474retx.o
 .debug_line    0x0000355d      0xb57 ./Drivers/BSP/STM32G4xx_Nucleo/stm32g4xx_nucleo.o
 .debug_line    0x000040b4      0xbfc ./Drivers/STM32G4xx_HAL_Driver/Src/stm32g4xx_hal.o
 .debug_line    0x00004cb0      0xd8f ./Drivers/STM32G4xx_HAL_Driver/Src/stm32g4xx_hal_cortex.o
 .debug_line    0x00005a3f      0xb4c ./Drivers/STM32G4xx_HAL_Driver/Src/stm32g4xx_hal_exti.o
 .debug_line    0x0000658b      0xc15 ./Drivers/STM32G4xx_HAL_Driver/Src/stm32g4xx_hal_gpio.o
 .debug_line    0x000071a0      0xd6b ./Drivers/STM32G4xx_HAL_Driver/Src/stm32g4xx_hal_pwr_ex.o
 .debug_line    0x00007f0b      0xfc7 ./Drivers/STM32G4xx_HAL_Driver/Src/stm32g4xx_hal_rcc.o
 .debug_line    0x00008ed2     0x3c99 ./Drivers/STM32G4xx_HAL_Driver/Src/stm32g4xx_hal_uart.o

.debug_str      0x00000000    0xe978e
 .debug_str     0x00000000    0xe626f ./Core/Src/gpio.o
                              0xe6524 (size before relaxing)
 .debug_str     0x000e626f      0x4fc ./Core/Src/main.o
                              0xe69d2 (size before relaxing)
 .debug_str     0x000e676b       0x4d ./Core/Src/stm32g4xx_hal_msp.o
                              0xe647a (size before relaxing)
 .debug_str     0x000e67b8       0xf0 ./Core/Src/stm32g4xx_it.o
                              0xe63d3 (size before relaxing)
 .debug_str     0x000e68a8       0xe5 ./Core/Src/system_stm32g4xx.o
                              0xe24be (size before relaxing)
 .debug_str     0x000e698d       0x44 ./Core/Startup/startup_stm32g474retx.o
                                 0x76 (size before relaxing)
 .debug_str     0x000e69d1      0xe5a ./Drivers/BSP/STM32G4xx_Nucleo/stm32g4xx_nucleo.o
                              0xe3da0 (size before relaxing)
 .debug_str     0x000e782b      0x5ed ./Drivers/STM32G4xx_HAL_Driver/Src/stm32g4xx_hal.o
                              0xe31d0 (size before relaxing)
 .debug_str     0x000e7e18      0x34b ./Drivers/STM32G4xx_HAL_Driver/Src/stm32g4xx_hal_cortex.o
                              0xe2e8c (size before relaxing)
 .debug_str     0x000e8163      0x1b8 ./Drivers/STM32G4xx_HAL_Driver/Src/stm32g4xx_hal_exti.o
                              0xe2558 (size before relaxing)
 .debug_str     0x000e831b       0xb8 ./Drivers/STM32G4xx_HAL_Driver/Src/stm32g4xx_hal_gpio.o
                              0xe2649 (size before relaxing)
 .debug_str     0x000e83d3      0x4a0 ./Drivers/STM32G4xx_HAL_Driver/Src/stm32g4xx_hal_pwr_ex.o
                              0xe29ac (size before relaxing)
 .debug_str     0x000e8873      0x506 ./Drivers/STM32G4xx_HAL_Driver/Src/stm32g4xx_hal_rcc.o
                              0xe2bdd (size before relaxing)
 .debug_str     0x000e8d79      0xa15 ./Drivers/STM32G4xx_HAL_Driver/Src/stm32g4xx_hal_uart.o
                              0xe3479 (size before relaxing)

.comment        0x00000000       0x43
 .comment       0x00000000       0x43 ./Core/Src/gpio.o
                                 0x44 (size before relaxing)
 .comment       0x00000043       0x44 ./Core/Src/main.o
 .comment       0x00000043       0x44 ./Core/Src/stm32g4xx_hal_msp.o
 .comment       0x00000043       0x44 ./Core/Src/stm32g4xx_it.o
 .comment       0x00000043       0x44 ./Core/Src/system_stm32g4xx.o
 .comment       0x00000043       0x44 ./Drivers/BSP/STM32G4xx_Nucleo/stm32g4xx_nucleo.o
 .comment       0x00000043       0x44 ./Drivers/STM32G4xx_HAL_Driver/Src/stm32g4xx_hal.o
 .comment       0x00000043       0x44 ./Drivers/STM32G4xx_HAL_Driver/Src/stm32g4xx_hal_cortex.o
 .comment       0x00000043       0x44 ./Drivers/STM32G4xx_HAL_Driver/Src/stm32g4xx_hal_exti.o
 .comment       0x00000043       0x44 ./Drivers/STM32G4xx_HAL_Driver/Src/stm32g4xx_hal_gpio.o
 .comment       0x00000043       0x44 ./Drivers/STM32G4xx_HAL_Driver/Src/stm32g4xx_hal_pwr_ex.o
 .comment       0x00000043       0x44 ./Drivers/STM32G4xx_HAL_Driver/Src/stm32g4xx_hal_rcc.o
 .comment       0x00000043       0x44 ./Drivers/STM32G4xx_HAL_Driver/Src/stm32g4xx_hal_uart.o

.debug_frame    0x00000000     0x24f4
 .debug_frame   0x00000000       0x34 ./Core/Src/gpio.o
 .debug_frame   0x00000034       0xd8 ./Core/Src/main.o
 .debug_frame   0x0000010c       0x34 ./Core/Src/stm32g4xx_hal_msp.o
 .debug_frame   0x00000140      0x120 ./Core/Src/stm32g4xx_it.o
 .debug_frame   0x00000260       0x58 ./Core/Src/system_stm32g4xx.o
 .debug_frame   0x000002b8      0x31c ./Drivers/BSP/STM32G4xx_Nucleo/stm32g4xx_nucleo.o
 .debug_frame   0x000005d4      0x500 ./Drivers/STM32G4xx_HAL_Driver/Src/stm32g4xx_hal.o
 .debug_frame   0x00000ad4      0x4e8 ./Drivers/STM32G4xx_HAL_Driver/Src/stm32g4xx_hal_cortex.o
 .debug_frame   0x00000fbc      0x174 ./Drivers/STM32G4xx_HAL_Driver/Src/stm32g4xx_hal_exti.o
 .debug_frame   0x00001130      0x14c ./Drivers/STM32G4xx_HAL_Driver/Src/stm32g4xx_hal_gpio.o
 .debug_frame   0x0000127c      0x4fc ./Drivers/STM32G4xx_HAL_Driver/Src/stm32g4xx_hal_pwr_ex.o
 .debug_frame   0x00001778      0x23c ./Drivers/STM32G4xx_HAL_Driver/Src/stm32g4xx_hal_rcc.o
 .debug_frame   0x000019b4      0xa94 ./Drivers/STM32G4xx_HAL_Driver/Src/stm32g4xx_hal_uart.o
 .debug_frame   0x00002448       0x20 D:/STM32/STM32CubeIDE/STM32CubeIDE_1.16.0/STM32CubeIDE/plugins/com.st.stm32cube.ide.mcu.externaltools.gnu-tools-for-stm32.12.3.rel1.win32_1.0.200.202406191623/tools/bin/../lib/gcc/arm-none-eabi/12.3.1/../../../../arm-none-eabi/lib/thumb/v7e-m+fp/hard\libc_nano.a(libc_a-memset.o)
 .debug_frame   0x00002468       0x2c D:/STM32/STM32CubeIDE/STM32CubeIDE_1.16.0/STM32CubeIDE/plugins/com.st.stm32cube.ide.mcu.externaltools.gnu-tools-for-stm32.12.3.rel1.win32_1.0.200.202406191623/tools/bin/../lib/gcc/arm-none-eabi/12.3.1/../../../../arm-none-eabi/lib/thumb/v7e-m+fp/hard\libc_nano.a(libc_a-init.o)
 .debug_frame   0x00002494       0x2c D:/STM32/STM32CubeIDE/STM32CubeIDE_1.16.0/STM32CubeIDE/plugins/com.st.stm32cube.ide.mcu.externaltools.gnu-tools-for-stm32.12.3.rel1.win32_1.0.200.202406191623/tools/bin/../lib/gcc/arm-none-eabi/12.3.1/thumb/v7e-m+fp/hard\libgcc.a(_aeabi_uldivmod.o)
 .debug_frame   0x000024c0       0x34 D:/STM32/STM32CubeIDE/STM32CubeIDE_1.16.0/STM32CubeIDE/plugins/com.st.stm32cube.ide.mcu.externaltools.gnu-tools-for-stm32.12.3.rel1.win32_1.0.200.202406191623/tools/bin/../lib/gcc/arm-none-eabi/12.3.1/thumb/v7e-m+fp/hard\libgcc.a(_udivmoddi4.o)

.debug_line_str
                0x00000000       0x5a
 .debug_line_str
                0x00000000       0x5a ./Core/Startup/startup_stm32g474retx.o
